2018-10-01 21:11:31,069 - CRITICAL - <module>: hello
2018-10-01 21:12:47,671 - CRITICAL - <module>: hello
2018-10-01 21:13:31,726 - CRITICAL - <module>: hello
2018-10-01 21:14:01,558 - CRITICAL - <module>: hello
2018-10-01 21:29:49,865 - DEBUG - setUp: -------Starting test Setup------
2018-10-01 21:32:13,115 - DEBUG - setUp: -------Starting test Setup------
2018-10-01 21:32:36,839 - DEBUG - setUp: ------Completed Test setup-------
2018-10-01 21:34:03,026 - DEBUG - setUp: -------Starting test Setup------
2018-10-01 21:34:03,394 - DEBUG - setUp: -------Starting test Setup------
2018-10-01 21:34:58,917 - DEBUG - setUp: ------Completed Test setup-------
2018-10-01 21:35:00,072 - DEBUG - setUp: ------Completed Test setup-------
2018-10-01 22:58:12,210 - DEBUG - test_validate_all_elements: Starting First Test
2018-10-01 22:59:02,720 - DEBUG - test_validate_all_elements: Starting First Test
2018-10-01 22:59:02,723 - DEBUG - tearDown: Started TearDown
2018-10-01 23:00:21,904 - DEBUG - test_validate_all_elements: Starting First Test
2018-10-01 23:00:21,910 - DEBUG - tearDown: Started TearDown
2018-10-01 23:01:20,839 - DEBUG - test_validate_all_elements: Starting First Test
2018-10-01 23:01:20,842 - DEBUG - tearDown: Started TearDown
2018-10-01 23:02:09,780 - DEBUG - test_validate_all_elements: Starting First Test
2018-10-01 23:02:09,783 - DEBUG - tearDown: Started TearDown
2018-10-01 23:03:14,483 - DEBUG - test_validate_all_elements: Starting First Test
2018-10-01 23:03:14,487 - DEBUG - tearDown: Started TearDown
2018-10-01 23:05:41,318 - DEBUG - setUp: -------Starting test Setup------
2018-10-01 23:06:04,835 - DEBUG - setUp: ------Completed Test setup-------
2018-10-01 23:06:04,838 - DEBUG - tearDown: Started TearDown
2018-10-01 23:06:07,355 - DEBUG - tearDown: Completed TearDown
2018-10-01 23:14:27,733 - DEBUG - setUp: -------Starting test Setup------
2018-10-01 23:14:50,042 - DEBUG - setUp: ------Completed Test setup-------
2018-10-01 23:14:50,042 - DEBUG - test_invalid_city_weather: Started test_invalid_city_weather Test 
2018-10-01 23:14:50,045 - INFO - test_invalid_city_weather: Validate logo whether landing on correct page
2018-10-01 23:14:50,101 - INFO - test_invalid_city_weather: Enter Invalid value in text field
2018-10-01 23:14:50,255 - INFO - test_invalid_city_weather: Click on Submit button
2018-10-01 23:14:51,473 - INFO - test_invalid_city_weather: Check No found message appears and click on Close icon
2018-10-01 23:14:51,742 - DEBUG - test_invalid_city_weather: Completed test_invalid_city_weather test
2018-10-01 23:14:51,746 - DEBUG - tearDown: Started TearDown
2018-10-01 23:14:54,023 - DEBUG - tearDown: Completed TearDown
2018-10-01 23:17:21,766 - DEBUG - setUp: -------Starting test Setup------
2018-10-01 23:17:43,424 - DEBUG - setUp: ------Completed Test setup-------
2018-10-01 23:17:43,426 - DEBUG - test_invalid_city_weather: Started test_invalid_city_weather Test 
2018-10-01 23:17:43,427 - INFO - test_invalid_city_weather: Validate logo whether landing on correct page
2018-10-01 23:17:43,493 - INFO - test_invalid_city_weather: Enter Invalid value in text field
2018-10-01 23:17:43,611 - INFO - test_invalid_city_weather: Click on Submit button
2018-10-01 23:17:53,743 - INFO - test_invalid_city_weather: Check No found message appears and click on Close icon
2018-10-01 23:17:53,948 - DEBUG - test_invalid_city_weather: Completed test_invalid_city_weather test
2018-10-01 23:17:53,951 - DEBUG - tearDown: Started TearDown
2018-10-01 23:17:57,286 - DEBUG - tearDown: Completed TearDown
2018-10-01 23:22:30,512 - DEBUG - setUp: -------Starting test Setup------
2018-10-01 23:22:47,937 - DEBUG - setUp: ------Completed Test setup-------
2018-10-01 23:22:47,938 - DEBUG - test_invalid_city_weather: Started test_invalid_city_weather Test 
2018-10-01 23:22:47,940 - INFO - test_invalid_city_weather: Validate logo whether landing on correct page
2018-10-01 23:22:48,005 - INFO - test_invalid_city_weather: Enter Invalid value in text field
2018-10-01 23:22:48,141 - INFO - test_invalid_city_weather: Click on Submit button
2018-10-01 23:22:52,321 - INFO - test_invalid_city_weather: Check No found message appears and click on Close icon
2018-10-01 23:22:52,477 - DEBUG - test_invalid_city_weather: Completed test_invalid_city_weather test
2018-10-01 23:22:52,480 - DEBUG - tearDown: Started TearDown
2018-10-01 23:22:55,808 - DEBUG - tearDown: Completed TearDown
2018-10-01 23:29:22,948 - DEBUG - setUp: -------Starting test Setup------
2018-10-01 23:29:40,068 - DEBUG - setUp: ------Completed Test setup-------
2018-10-01 23:29:40,069 - DEBUG - test_invalid_city_weather: Started test_invalid_city_weather Test 
2018-10-01 23:29:40,072 - INFO - test_invalid_city_weather: Validate logo whether landing on correct page
2018-10-01 23:29:40,147 - INFO - test_invalid_city_weather: Enter Invalid value in text field
2018-10-01 23:29:40,296 - INFO - test_invalid_city_weather: Click on Submit button
2018-10-01 23:29:47,334 - INFO - test_invalid_city_weather: Check No found message appears and click on Close icon
2018-10-01 23:29:47,528 - DEBUG - tearDown: Started TearDown
2018-10-01 23:29:49,801 - DEBUG - tearDown: Completed TearDown
2018-10-01 23:34:23,753 - DEBUG - setUp: -------Starting test Setup------
2018-10-01 23:34:54,444 - DEBUG - setUp: ------Completed Test setup-------
2018-10-01 23:34:54,446 - DEBUG - test_invalid_city_weather: Started test_invalid_city_weather Test 
2018-10-01 23:34:54,450 - INFO - validate_correct_landing_page: Validate logo whether landing on correct page
2018-10-01 23:34:54,507 - INFO - validate_correct_landing_page: Completed logo validation landing on correct page
2018-10-01 23:34:54,509 - INFO - test_invalid_city_weather: Enter Invalid value in text field
2018-10-01 23:34:54,638 - INFO - test_invalid_city_weather: Click on Submit button
2018-10-01 23:34:58,898 - INFO - test_invalid_city_weather: Check No found message appears and click on Close icon
2018-10-01 23:34:59,069 - DEBUG - test_invalid_city_weather: Completed test_invalid_city_weather test
2018-10-01 23:34:59,071 - DEBUG - tearDown: Started TearDown
2018-10-01 23:35:02,335 - DEBUG - tearDown: Completed TearDown
2018-10-01 23:35:02,344 - DEBUG - setUp: -------Starting test Setup------
2018-10-01 23:35:02,344 - DEBUG - setUp: -------Starting test Setup------
2018-10-01 23:37:25,559 - DEBUG - setUp: -------Starting test Setup------
2018-10-01 23:37:42,594 - DEBUG - setUp: ------Completed Test setup-------
2018-10-01 23:37:42,595 - DEBUG - test_invalid_city_weather: Started test_invalid_city_weather Test 
2018-10-01 23:37:42,598 - INFO - validate_correct_landing_page: Validate logo whether landing on correct page
2018-10-01 23:37:42,665 - INFO - validate_correct_landing_page: Completed logo validation landing on correct page
2018-10-01 23:37:42,667 - INFO - test_invalid_city_weather: Enter Invalid value in text field
2018-10-01 23:37:42,832 - INFO - test_invalid_city_weather: Click on Submit button
2018-10-01 23:37:51,019 - INFO - test_invalid_city_weather: Check No found message appears and click on Close icon
2018-10-01 23:37:51,198 - DEBUG - test_invalid_city_weather: Completed test_invalid_city_weather test
2018-10-01 23:37:51,201 - DEBUG - tearDown: Started TearDown
2018-10-01 23:37:53,479 - DEBUG - tearDown: Completed TearDown
2018-10-01 23:37:53,486 - DEBUG - setUp: -------Starting test Setup------
2018-10-01 23:37:53,486 - DEBUG - setUp: -------Starting test Setup------
2018-10-01 23:38:14,164 - DEBUG - setUp: ------Completed Test setup-------
2018-10-01 23:38:14,164 - DEBUG - setUp: ------Completed Test setup-------
2018-10-01 23:38:14,167 - DEBUG - test_valid_city_verify_weather_details: Started test_invalid_city_weather Test 
2018-10-01 23:38:14,167 - DEBUG - test_valid_city_verify_weather_details: Started test_invalid_city_weather Test 
2018-10-01 23:38:14,167 - INFO - validate_correct_landing_page: Validate logo whether landing on correct page
2018-10-01 23:38:14,167 - INFO - validate_correct_landing_page: Validate logo whether landing on correct page
2018-10-01 23:38:14,219 - INFO - validate_correct_landing_page: Completed logo validation landing on correct page
2018-10-01 23:38:14,219 - INFO - validate_correct_landing_page: Completed logo validation landing on correct page
2018-10-01 23:38:14,220 - INFO - test_valid_city_verify_weather_details: Enter Invalid value in text field
2018-10-01 23:38:14,220 - INFO - test_valid_city_verify_weather_details: Enter Invalid value in text field
2018-10-01 23:38:14,365 - INFO - test_valid_city_verify_weather_details: Click on Submit button
2018-10-01 23:38:14,365 - INFO - test_valid_city_verify_weather_details: Click on Submit button
2018-10-01 23:38:22,086 - DEBUG - tearDown: Started TearDown
2018-10-01 23:38:22,086 - DEBUG - tearDown: Started TearDown
2018-10-01 23:38:26,088 - DEBUG - tearDown: Completed TearDown
2018-10-01 23:38:26,088 - DEBUG - tearDown: Completed TearDown
2018-10-01 23:39:02,950 - DEBUG - setUp: -------Starting test Setup------
2018-10-01 23:39:32,211 - DEBUG - setUp: ------Completed Test setup-------
2018-10-01 23:39:32,214 - DEBUG - test_invalid_city_weather: Started test_invalid_city_weather Test 
2018-10-01 23:39:32,219 - INFO - validate_correct_landing_page: Validate logo whether landing on correct page
2018-10-01 23:39:32,269 - INFO - validate_correct_landing_page: Completed logo validation landing on correct page
2018-10-01 23:39:32,270 - INFO - test_invalid_city_weather: Enter Invalid value in text field
2018-10-01 23:39:32,380 - INFO - test_invalid_city_weather: Click on Submit button
2018-10-01 23:39:44,293 - INFO - test_invalid_city_weather: Check No found message appears and click on Close icon
2018-10-01 23:39:44,461 - DEBUG - test_invalid_city_weather: Completed test_invalid_city_weather test
2018-10-01 23:39:44,466 - DEBUG - tearDown: Started TearDown
2018-10-01 23:39:46,736 - DEBUG - tearDown: Completed TearDown
2018-10-01 23:39:46,743 - DEBUG - setUp: -------Starting test Setup------
2018-10-01 23:39:46,743 - DEBUG - setUp: -------Starting test Setup------
2018-10-01 23:40:02,244 - DEBUG - setUp: ------Completed Test setup-------
2018-10-01 23:40:02,244 - DEBUG - setUp: ------Completed Test setup-------
2018-10-01 23:40:02,246 - DEBUG - test_valid_city_verify_weather_details: Started test_invalid_city_weather Test 
2018-10-01 23:40:02,246 - DEBUG - test_valid_city_verify_weather_details: Started test_invalid_city_weather Test 
2018-10-01 23:40:02,249 - INFO - validate_correct_landing_page: Validate logo whether landing on correct page
2018-10-01 23:40:02,249 - INFO - validate_correct_landing_page: Validate logo whether landing on correct page
2018-10-01 23:40:02,299 - INFO - validate_correct_landing_page: Completed logo validation landing on correct page
2018-10-01 23:40:02,299 - INFO - validate_correct_landing_page: Completed logo validation landing on correct page
2018-10-01 23:40:02,301 - INFO - test_valid_city_verify_weather_details: Enter Invalid value in text field
2018-10-01 23:40:02,301 - INFO - test_valid_city_verify_weather_details: Enter Invalid value in text field
2018-10-01 23:40:02,436 - INFO - test_valid_city_verify_weather_details: Click on Submit button
2018-10-01 23:40:02,436 - INFO - test_valid_city_verify_weather_details: Click on Submit button
2018-10-01 23:40:09,691 - DEBUG - tearDown: Started TearDown
2018-10-01 23:40:09,691 - DEBUG - tearDown: Started TearDown
2018-10-01 23:40:11,953 - DEBUG - tearDown: Completed TearDown
2018-10-01 23:40:11,953 - DEBUG - tearDown: Completed TearDown
2018-10-01 23:40:39,822 - DEBUG - setUp: -------Starting test Setup------
2018-10-01 23:41:00,871 - DEBUG - setUp: ------Completed Test setup-------
2018-10-01 23:41:00,875 - DEBUG - test_invalid_city_weather: Started test_invalid_city_weather Test 
2018-10-01 23:41:00,878 - INFO - validate_correct_landing_page: Validate logo whether landing on correct page
2018-10-01 23:41:00,943 - INFO - validate_correct_landing_page: Completed logo validation landing on correct page
2018-10-01 23:41:00,944 - INFO - test_invalid_city_weather: Enter Invalid value in text field
2018-10-01 23:41:01,108 - INFO - test_invalid_city_weather: Click on Submit button
2018-10-01 23:41:07,421 - INFO - test_invalid_city_weather: Check No found message appears and click on Close icon
2018-10-01 23:41:07,596 - DEBUG - test_invalid_city_weather: Completed test_invalid_city_weather test
2018-10-01 23:41:07,599 - DEBUG - tearDown: Started TearDown
2018-10-01 23:41:09,869 - DEBUG - tearDown: Completed TearDown
2018-10-01 23:41:09,880 - DEBUG - setUp: -------Starting test Setup------
2018-10-01 23:41:09,880 - DEBUG - setUp: -------Starting test Setup------
2018-10-01 23:41:30,742 - DEBUG - setUp: ------Completed Test setup-------
2018-10-01 23:41:30,742 - DEBUG - setUp: ------Completed Test setup-------
2018-10-01 23:41:30,743 - DEBUG - test_valid_city_verify_weather_details: Started test_invalid_city_weather Test 
2018-10-01 23:41:30,743 - DEBUG - test_valid_city_verify_weather_details: Started test_invalid_city_weather Test 
2018-10-01 23:41:30,746 - INFO - validate_correct_landing_page: Validate logo whether landing on correct page
2018-10-01 23:41:30,746 - INFO - validate_correct_landing_page: Validate logo whether landing on correct page
2018-10-01 23:41:30,799 - INFO - validate_correct_landing_page: Completed logo validation landing on correct page
2018-10-01 23:41:30,799 - INFO - validate_correct_landing_page: Completed logo validation landing on correct page
2018-10-01 23:41:30,799 - INFO - test_valid_city_verify_weather_details: Enter Invalid value in text field
2018-10-01 23:41:30,799 - INFO - test_valid_city_verify_weather_details: Enter Invalid value in text field
2018-10-01 23:41:30,924 - INFO - test_valid_city_verify_weather_details: Click on Submit button
2018-10-01 23:41:30,924 - INFO - test_valid_city_verify_weather_details: Click on Submit button
2018-10-01 23:41:36,714 - DEBUG - tearDown: Started TearDown
2018-10-01 23:41:36,714 - DEBUG - tearDown: Started TearDown
2018-10-01 23:41:38,980 - DEBUG - tearDown: Completed TearDown
2018-10-01 23:41:38,980 - DEBUG - tearDown: Completed TearDown
2018-10-01 23:42:14,926 - DEBUG - setUp: -------Starting test Setup------
2018-10-01 23:42:31,790 - DEBUG - setUp: ------Completed Test setup-------
2018-10-01 23:42:31,792 - DEBUG - test_valid_city_verify_weather_details: Started test_invalid_city_weather Test 
2018-10-01 23:42:31,796 - INFO - validate_correct_landing_page: Validate logo whether landing on correct page
2018-10-01 23:42:31,875 - INFO - validate_correct_landing_page: Completed logo validation landing on correct page
2018-10-01 23:42:31,877 - INFO - test_valid_city_verify_weather_details: Enter Invalid value in text field
2018-10-01 23:42:32,184 - INFO - test_valid_city_verify_weather_details: Click on Submit button
2018-10-01 23:42:38,180 - DEBUG - tearDown: Started TearDown
2018-10-01 23:42:40,489 - DEBUG - tearDown: Completed TearDown
2018-10-01 23:46:53,516 - DEBUG - setUp: -------Starting test Setup------
2018-10-01 23:47:05,607 - DEBUG - setUp: ------Completed Test setup-------
2018-10-01 23:47:05,608 - DEBUG - test_valid_city_verify_weather_details: Started test_invalid_city_weather Test 
2018-10-01 23:47:05,612 - INFO - validate_correct_landing_page: Validate logo whether landing on correct page
2018-10-01 23:47:05,703 - INFO - validate_correct_landing_page: Completed logo validation landing on correct page
2018-10-01 23:47:05,706 - INFO - test_valid_city_verify_weather_details: Enter Invalid value in text field
2018-10-01 23:47:05,887 - INFO - test_valid_city_verify_weather_details: Click on Submit button
2018-10-01 23:47:10,411 - DEBUG - tearDown: Started TearDown
2018-10-01 23:47:12,697 - DEBUG - tearDown: Completed TearDown
2018-10-01 23:52:44,197 - DEBUG - setUp: -------Starting test Setup------
2018-10-01 23:53:00,651 - DEBUG - setUp: ------Completed Test setup-------
2018-10-01 23:53:00,654 - DEBUG - test_valid_city_verify_weather_details: Started test_invalid_city_weather Test 
2018-10-01 23:53:00,654 - INFO - validate_correct_landing_page: Validate logo whether landing on correct page
2018-10-01 23:53:00,723 - INFO - validate_correct_landing_page: Completed logo validation landing on correct page
2018-10-01 23:53:00,724 - INFO - test_valid_city_verify_weather_details: Enter Invalid value in text field
2018-10-01 23:53:00,950 - INFO - test_valid_city_verify_weather_details: Click on Submit button
2018-10-01 23:53:08,538 - DEBUG - tearDown: Started TearDown
2018-10-01 23:53:10,803 - DEBUG - tearDown: Completed TearDown
2018-10-01 23:53:52,161 - DEBUG - setUp: -------Starting test Setup------
2018-10-01 23:54:14,673 - DEBUG - setUp: ------Completed Test setup-------
2018-10-01 23:54:14,674 - DEBUG - test_valid_city_verify_weather_details: Started test_invalid_city_weather Test 
2018-10-01 23:54:14,677 - INFO - validate_correct_landing_page: Validate logo whether landing on correct page
2018-10-01 23:54:14,730 - INFO - validate_correct_landing_page: Completed logo validation landing on correct page
2018-10-01 23:54:14,732 - INFO - test_valid_city_verify_weather_details: Enter Invalid value in text field
2018-10-01 23:54:14,859 - INFO - test_valid_city_verify_weather_details: Click on Submit button
2018-10-01 23:54:19,971 - DEBUG - tearDown: Started TearDown
2018-10-01 23:54:22,226 - DEBUG - tearDown: Completed TearDown
2018-10-01 23:54:48,414 - DEBUG - setUp: -------Starting test Setup------
2018-10-01 23:55:06,667 - DEBUG - setUp: ------Completed Test setup-------
2018-10-01 23:55:06,667 - DEBUG - test_valid_city_verify_weather_details: Started test_invalid_city_weather Test 
2018-10-01 23:55:06,670 - INFO - validate_correct_landing_page: Validate logo whether landing on correct page
2018-10-01 23:55:06,720 - INFO - validate_correct_landing_page: Completed logo validation landing on correct page
2018-10-01 23:55:06,723 - INFO - test_valid_city_verify_weather_details: Enter Invalid value in text field
2018-10-01 23:55:06,851 - INFO - test_valid_city_verify_weather_details: Click on Submit button
2018-10-01 23:55:12,729 - DEBUG - tearDown: Started TearDown
2018-10-01 23:55:15,023 - DEBUG - tearDown: Completed TearDown
2018-10-02 00:03:09,203 - DEBUG - setUp: -------Starting test Setup------
2018-10-02 00:03:21,513 - DEBUG - setUp: ------Completed Test setup-------
2018-10-02 00:03:21,516 - DEBUG - test_valid_city_verify_weather_details: Started test_invalid_city_weather Test 
2018-10-02 00:03:21,519 - INFO - validate_correct_landing_page: Validate logo whether landing on correct page
2018-10-02 00:03:21,592 - INFO - validate_correct_landing_page: Completed logo validation landing on correct page
2018-10-02 00:03:21,594 - INFO - test_valid_city_verify_weather_details: Enter Invalid value in text field
2018-10-02 00:03:21,769 - INFO - test_valid_city_verify_weather_details: Click on Submit button
2018-10-02 00:03:26,194 - INFO - test_valid_city_verify_weather_details: Check correct city temperature is displaying
2018-10-02 00:03:26,283 - DEBUG - tearDown: Started TearDown
2018-10-02 00:03:30,040 - DEBUG - tearDown: Completed TearDown
2018-10-02 00:04:05,352 - DEBUG - setUp: -------Starting test Setup------
2018-10-02 00:04:20,993 - DEBUG - setUp: ------Completed Test setup-------
2018-10-02 00:04:20,996 - DEBUG - test_valid_city_verify_weather_details: Started test_invalid_city_weather Test 
2018-10-02 00:04:20,999 - INFO - validate_correct_landing_page: Validate logo whether landing on correct page
2018-10-02 00:04:21,051 - INFO - validate_correct_landing_page: Completed logo validation landing on correct page
2018-10-02 00:04:21,052 - INFO - test_valid_city_verify_weather_details: Enter Invalid value in text field
2018-10-02 00:04:21,193 - INFO - test_valid_city_verify_weather_details: Click on Submit button
2018-10-02 00:04:25,917 - INFO - test_valid_city_verify_weather_details: Check correct city temperature is displaying
2018-10-02 00:04:25,986 - DEBUG - tearDown: Started TearDown
2018-10-02 00:04:28,520 - DEBUG - tearDown: Completed TearDown
2018-10-02 00:16:30,953 - DEBUG - setUp: -------Starting test Setup------
2018-10-02 00:16:44,647 - DEBUG - setUp: ------Completed Test setup-------
2018-10-02 00:16:44,753 - DEBUG - tearDown: Started TearDown
2018-10-02 00:16:46,986 - DEBUG - tearDown: Completed TearDown
2018-10-02 00:21:54,362 - DEBUG - setUp: -------Starting test Setup------
2018-10-02 00:22:06,030 - DEBUG - setUp: ------Completed Test setup-------
2018-10-02 00:22:06,168 - DEBUG - tearDown: Started TearDown
2018-10-02 00:22:08,403 - DEBUG - tearDown: Completed TearDown
2018-10-02 00:25:55,283 - DEBUG - setUp: -------Starting test Setup------
2018-10-02 00:26:08,982 - DEBUG - setUp: ------Completed Test setup-------
2018-10-02 00:26:09,177 - DEBUG - tearDown: Started TearDown
2018-10-02 00:26:11,418 - DEBUG - tearDown: Completed TearDown
2018-10-02 21:36:48,851 - DEBUG - setUp: -------Starting test Setup------
2018-10-02 21:36:54,963 - DEBUG - setUp: ------Completed Test setup-------
2018-10-02 21:36:54,970 - DEBUG - test_invalid_city_weather: Started test_invalid_city_weather Test 
2018-10-02 21:36:54,974 - INFO - validate_correct_landing_page: Validate logo whether landing on correct page
2018-10-02 21:37:25,002 - DEBUG - tearDown: Started TearDown
2018-10-02 21:37:28,086 - DEBUG - tearDown: Completed TearDown
2018-10-02 21:46:41,746 - DEBUG - setUp: -------Starting test Setup------
2018-10-02 21:47:01,187 - DEBUG - setUp: ------Completed Test setup-------
2018-10-02 21:47:01,188 - DEBUG - test_invalid_city_weather: Started test_invalid_city_weather Test 
2018-10-02 21:47:01,190 - INFO - validate_correct_landing_page: Validate logo whether landing on correct page
2018-10-02 21:47:01,246 - INFO - validate_correct_landing_page: Completed logo validation landing on correct page
2018-10-02 21:47:01,247 - INFO - test_invalid_city_weather: Enter Invalid value in text field
2018-10-02 21:47:01,390 - INFO - test_invalid_city_weather: Click on Submit button
2018-10-02 21:47:01,394 - DEBUG - tearDown: Started TearDown
2018-10-02 21:47:03,706 - DEBUG - tearDown: Completed TearDown
2018-10-02 21:47:36,230 - DEBUG - setUp: -------Starting test Setup------
2018-10-02 21:47:50,309 - DEBUG - setUp: ------Completed Test setup-------
2018-10-02 21:47:50,311 - DEBUG - test_invalid_city_weather: Started test_invalid_city_weather Test 
2018-10-02 21:47:50,312 - INFO - validate_correct_landing_page: Validate logo whether landing on correct page
2018-10-02 21:47:50,371 - INFO - validate_correct_landing_page: Completed logo validation landing on correct page
2018-10-02 21:47:50,372 - INFO - test_invalid_city_weather: Enter Invalid value in text field
2018-10-02 21:47:50,493 - INFO - test_invalid_city_weather: Click on Submit button
2018-10-02 21:47:50,496 - DEBUG - tearDown: Started TearDown
2018-10-02 21:47:52,788 - DEBUG - tearDown: Completed TearDown
2018-10-02 22:55:38,976 - DEBUG - setUp: -------Starting test Setup------
2018-10-02 22:55:57,631 - DEBUG - setUp: ------Completed Test setup-------
2018-10-02 22:55:57,844 - DEBUG - tearDown: Started TearDown
2018-10-02 22:56:00,191 - DEBUG - tearDown: Completed TearDown
2018-10-02 23:03:23,796 - DEBUG - setUp: -------Starting test Setup------
2018-10-02 23:03:40,039 - DEBUG - setUp: ------Completed Test setup-------
2018-10-02 23:03:40,490 - DEBUG - tearDown: Started TearDown
2018-10-02 23:03:42,798 - DEBUG - tearDown: Completed TearDown
2018-10-02 23:06:36,730 - DEBUG - setUp: -------Starting test Setup------
2018-10-02 23:07:02,963 - DEBUG - setUp: ------Completed Test setup-------
2018-10-02 23:07:03,322 - DEBUG - tearDown: Started TearDown
2018-10-02 23:07:05,575 - DEBUG - tearDown: Completed TearDown
2018-10-02 23:09:39,923 - DEBUG - setUp: -------Starting test Setup------
2018-10-02 23:09:51,101 - DEBUG - setUp: ------Completed Test setup-------
2018-10-02 23:10:21,625 - DEBUG - tearDown: Started TearDown
2018-10-02 23:10:24,914 - DEBUG - tearDown: Completed TearDown
2018-10-02 23:10:53,549 - DEBUG - setUp: -------Starting test Setup------
2018-10-02 23:11:05,986 - DEBUG - setUp: ------Completed Test setup-------
2018-10-02 23:11:36,447 - DEBUG - tearDown: Started TearDown
2018-10-02 23:11:39,749 - DEBUG - tearDown: Completed TearDown
2018-10-02 23:12:10,007 - DEBUG - setUp: -------Starting test Setup------
2018-10-02 23:12:22,096 - DEBUG - setUp: ------Completed Test setup-------
2018-10-02 23:12:22,598 - DEBUG - tearDown: Started TearDown
2018-10-02 23:12:25,901 - DEBUG - tearDown: Completed TearDown
2018-10-02 23:13:12,223 - DEBUG - setUp: -------Starting test Setup------
2018-10-02 23:13:52,124 - DEBUG - setUp: ------Completed Test setup-------
2018-10-02 23:13:52,490 - DEBUG - tearDown: Started TearDown
2018-10-02 23:13:54,773 - DEBUG - tearDown: Completed TearDown
2018-10-02 23:18:38,048 - DEBUG - setUp: -------Starting test Setup------
2018-10-02 23:18:54,621 - DEBUG - setUp: ------Completed Test setup-------
2018-10-02 23:18:55,056 - DEBUG - tearDown: Started TearDown
2018-10-02 23:18:58,404 - DEBUG - tearDown: Completed TearDown
2018-10-02 23:22:35,595 - DEBUG - setUp: -------Starting test Setup------
2018-10-02 23:22:59,492 - DEBUG - setUp: ------Completed Test setup-------
2018-10-02 23:23:30,250 - DEBUG - tearDown: Started TearDown
2018-10-02 23:23:32,520 - DEBUG - tearDown: Completed TearDown
2018-10-02 23:23:48,770 - DEBUG - setUp: -------Starting test Setup------
2018-10-02 23:24:13,269 - DEBUG - setUp: ------Completed Test setup-------
2018-10-02 23:24:43,657 - DEBUG - tearDown: Started TearDown
2018-10-02 23:24:47,125 - DEBUG - tearDown: Completed TearDown
2018-10-02 23:26:02,990 - DEBUG - setUp: -------Starting test Setup------
2018-10-02 23:26:57,578 - DEBUG - setUp: ------Completed Test setup-------
2018-10-02 23:26:57,964 - DEBUG - tearDown: Started TearDown
2018-10-02 23:27:00,358 - DEBUG - tearDown: Completed TearDown
2018-10-02 23:30:20,979 - DEBUG - setUp: -------Starting test Setup------
2018-10-02 23:30:53,750 - DEBUG - setUp: ------Completed Test setup-------
2018-10-02 23:31:13,441 - DEBUG - tearDown: Started TearDown
2018-10-02 23:31:15,704 - DEBUG - tearDown: Completed TearDown
2018-10-02 23:40:45,427 - DEBUG - setUp: -------Starting test Setup------
2018-10-02 23:42:01,045 - DEBUG - setUp: ------Completed Test setup-------
2018-10-02 23:42:23,999 - DEBUG - tearDown: Started TearDown
2018-10-02 23:42:26,276 - DEBUG - tearDown: Completed TearDown
2018-10-02 23:50:17,848 - DEBUG - setUp: -------Starting test Setup------
2018-10-02 23:51:23,835 - DEBUG - setUp: ------Completed Test setup-------
2018-10-02 23:51:33,398 - DEBUG - tearDown: Started TearDown
2018-10-02 23:51:36,130 - DEBUG - tearDown: Completed TearDown
2018-10-02 23:52:09,471 - DEBUG - setUp: -------Starting test Setup------
2018-10-02 23:52:40,296 - DEBUG - setUp: ------Completed Test setup-------
2018-10-02 23:53:13,664 - DEBUG - tearDown: Started TearDown
2018-10-02 23:53:16,151 - DEBUG - tearDown: Completed TearDown
2018-10-03 00:02:31,967 - DEBUG - setUp: -------Starting test Setup------
2018-10-03 00:03:09,516 - DEBUG - setUp: ------Completed Test setup-------
2018-10-03 00:04:31,394 - DEBUG - tearDown: Started TearDown
2018-10-03 00:04:33,709 - DEBUG - tearDown: Completed TearDown
2018-10-03 00:33:12,785 - DEBUG - setUp: -------Starting test Setup------
2018-10-03 00:33:19,104 - DEBUG - setUp: ------Completed Test setup-------
2018-10-03 00:33:49,134 - DEBUG - tearDown: Started TearDown
2018-10-03 00:33:51,365 - DEBUG - tearDown: Completed TearDown
2018-10-03 00:34:03,289 - DEBUG - setUp: -------Starting test Setup------
2018-10-03 00:34:18,505 - DEBUG - setUp: ------Completed Test setup-------
2018-10-03 00:34:48,927 - DEBUG - tearDown: Started TearDown
2018-10-03 00:34:51,286 - DEBUG - tearDown: Completed TearDown
2018-10-03 00:35:51,727 - DEBUG - setUp: -------Starting test Setup------
2018-10-03 00:36:02,381 - DEBUG - setUp: ------Completed Test setup-------
2018-10-03 00:36:09,209 - DEBUG - tearDown: Started TearDown
2018-10-03 00:36:11,493 - DEBUG - tearDown: Completed TearDown
2018-10-03 00:42:25,242 - DEBUG - setUp: -------Starting test Setup------
2018-10-03 00:42:36,969 - DEBUG - setUp: ------Completed Test setup-------
2018-10-03 00:42:42,486 - DEBUG - tearDown: Started TearDown
2018-10-03 00:42:44,848 - DEBUG - tearDown: Completed TearDown
2018-10-03 00:43:05,740 - DEBUG - setUp: -------Starting test Setup------
2018-10-03 00:43:18,474 - DEBUG - setUp: ------Completed Test setup-------
2018-10-03 00:43:23,147 - DEBUG - tearDown: Started TearDown
2018-10-03 00:43:25,405 - DEBUG - tearDown: Completed TearDown
2018-10-03 00:47:41,943 - DEBUG - setUp: -------Starting test Setup------
2018-10-03 00:47:56,526 - DEBUG - setUp: ------Completed Test setup-------
2018-10-03 00:48:01,444 - DEBUG - tearDown: Started TearDown
2018-10-03 00:48:03,742 - DEBUG - tearDown: Completed TearDown
2018-10-03 00:49:13,536 - DEBUG - setUp: -------Starting test Setup------
2018-10-03 00:49:25,775 - DEBUG - setUp: ------Completed Test setup-------
2018-10-03 00:49:30,176 - DEBUG - tearDown: Started TearDown
2018-10-03 00:49:32,471 - DEBUG - tearDown: Completed TearDown
2018-10-03 00:51:13,071 - DEBUG - setUp: -------Starting test Setup------
2018-10-03 00:51:13,082 - DEBUG - setUp: -------Starting test Setup------
2018-10-03 00:51:34,362 - DEBUG - setUp: ------Completed Test setup-------
2018-10-03 00:51:34,572 - DEBUG - setUp: ------Completed Test setup-------
2018-10-03 00:51:41,062 - DEBUG - tearDown: Started TearDown
2018-10-03 00:51:41,187 - DEBUG - tearDown: Started TearDown
2018-10-03 00:51:43,417 - DEBUG - tearDown: Completed TearDown
2018-10-03 00:51:43,542 - DEBUG - tearDown: Completed TearDown
2018-10-03 00:52:29,903 - DEBUG - setUp: -------Starting test Setup------
2018-10-03 00:52:41,000 - DEBUG - setUp: ------Completed Test setup-------
2018-10-03 00:52:46,894 - DEBUG - tearDown: Started TearDown
2018-10-03 00:52:49,417 - DEBUG - tearDown: Completed TearDown
2018-10-03 00:53:04,815 - DEBUG - setUp: -------Starting test Setup------
2018-10-03 00:53:16,644 - DEBUG - setUp: ------Completed Test setup-------
2018-10-03 00:53:21,951 - DEBUG - tearDown: Started TearDown
2018-10-03 00:53:24,257 - DEBUG - tearDown: Completed TearDown
2018-10-03 00:58:42,232 - DEBUG - setUp: -------Starting test Setup------
2018-10-03 00:58:54,640 - DEBUG - setUp: ------Completed Test setup-------
2018-10-03 00:58:55,010 - DEBUG - tearDown: Started TearDown
2018-10-03 00:58:57,569 - DEBUG - tearDown: Completed TearDown
2018-10-03 00:59:16,253 - DEBUG - setUp: -------Starting test Setup------
2018-10-03 00:59:29,990 - DEBUG - setUp: ------Completed Test setup-------
2018-10-03 00:59:35,144 - DEBUG - tearDown: Started TearDown
2018-10-03 00:59:38,483 - DEBUG - tearDown: Completed TearDown
2018-10-03 01:04:20,640 - DEBUG - setUp: -------Starting test Setup------
2018-10-03 01:04:34,549 - DEBUG - setUp: ------Completed Test setup-------
2018-10-03 01:04:34,918 - DEBUG - tearDown: Started TearDown
2018-10-03 01:04:37,263 - DEBUG - tearDown: Completed TearDown
2018-10-03 01:12:41,240 - DEBUG - setUp: -------Starting test Setup------
2018-10-03 01:12:55,686 - DEBUG - setUp: ------Completed Test setup-------
2018-10-03 01:13:01,119 - DEBUG - tearDown: Started TearDown
2018-10-03 01:13:03,385 - DEBUG - tearDown: Completed TearDown
2018-10-03 01:37:54,677 - DEBUG - setUp: -------Starting test Setup------
2018-10-03 01:38:04,509 - DEBUG - setUp: ------Completed Test setup-------
2018-10-03 01:38:10,040 - DEBUG - tearDown: Started TearDown
2018-10-03 01:38:13,339 - DEBUG - tearDown: Completed TearDown
2018-10-03 01:40:23,217 - DEBUG - setUp: -------Starting test Setup------
2018-10-03 01:40:34,161 - DEBUG - setUp: ------Completed Test setup-------
2018-10-03 01:40:45,848 - DEBUG - tearDown: Started TearDown
2018-10-03 01:40:49,242 - DEBUG - tearDown: Completed TearDown
2018-10-03 01:43:37,423 - DEBUG - setUp: -------Starting test Setup------
2018-10-03 01:43:47,039 - DEBUG - setUp: ------Completed Test setup-------
2018-10-03 01:43:58,763 - DEBUG - tearDown: Started TearDown
2018-10-03 01:44:01,144 - DEBUG - tearDown: Completed TearDown
2018-10-03 12:49:25,747 - DEBUG - setUp: -------Starting test Setup------
2018-10-03 12:50:34,589 - DEBUG - setUp: -------Starting test Setup------
2018-10-03 12:52:48,828 - DEBUG - setUp: -------Starting test Setup------
2018-10-03 12:55:41,895 - DEBUG - setUp: -------Starting test Setup------
2018-10-03 12:55:51,183 - DEBUG - setUp: ------Completed Test setup-------
2018-10-03 12:55:51,187 - DEBUG - tearDown: Started TearDown
2018-10-03 12:55:53,473 - DEBUG - tearDown: Completed TearDown
2018-10-03 12:57:31,756 - DEBUG - setUp: -------Starting test Setup------
2018-10-03 12:57:41,556 - DEBUG - setUp: ------Completed Test setup-------
2018-10-03 12:57:41,559 - DEBUG - tearDown: Started TearDown
2018-10-03 12:57:43,799 - DEBUG - tearDown: Completed TearDown
2018-10-03 14:23:36,069 - DEBUG - setUp: -------Starting test Setup------
2018-10-03 14:24:57,210 - DEBUG - setUp: -------Starting test Setup------
2018-10-03 14:25:07,710 - DEBUG - setUp: ------Completed Test setup-------
2018-10-03 14:25:07,713 - DEBUG - test_invalid_city_weather: Started test_invalid_city_weather Test 
2018-10-03 14:25:07,714 - INFO - validate_correct_landing_page: Validate logo whether landing on correct page
2018-10-03 14:25:07,714 - INFO - validate_correct_landing_page: Validate logo whether landing on correct page
2018-10-03 14:25:07,773 - INFO - validate_correct_landing_page: Completed logo validation landing on correct page
2018-10-03 14:25:07,773 - INFO - validate_correct_landing_page: Completed logo validation landing on correct page
2018-10-03 14:25:07,775 - DEBUG - tearDown: Started TearDown
2018-10-03 14:25:12,144 - DEBUG - tearDown: Completed TearDown
2018-10-03 14:28:08,292 - DEBUG - setUp: -------Starting test Setup------
2018-10-03 14:28:23,608 - DEBUG - setUp: ------Completed Test setup-------
2018-10-03 14:28:23,611 - DEBUG - test_invalid_city_weather: Started test_invalid_city_weather Test 
2018-10-03 14:28:23,614 - INFO - validate_correct_landing_page: Validate logo whether landing on correct page
2018-10-03 14:28:23,614 - INFO - validate_correct_landing_page: Validate logo whether landing on correct page
2018-10-03 14:28:23,674 - INFO - validate_correct_landing_page: Completed logo validation landing on correct page
2018-10-03 14:28:23,674 - INFO - validate_correct_landing_page: Completed logo validation landing on correct page
2018-10-03 14:28:23,677 - INFO - test_invalid_city_weather: Enter Invalid value in text field
2018-10-03 14:28:23,707 - DEBUG - tearDown: Started TearDown
2018-10-03 14:28:25,944 - DEBUG - tearDown: Completed TearDown
2018-10-03 14:32:06,624 - DEBUG - setUp: -------Starting test Setup------
2018-10-03 14:32:20,348 - DEBUG - setUp: ------Completed Test setup-------
2018-10-03 14:32:20,348 - DEBUG - test_invalid_city_weather: Started test_invalid_city_weather Test 
2018-10-03 14:32:20,351 - INFO - validate_correct_landing_page: Validate logo whether landing on correct page
2018-10-03 14:32:20,351 - INFO - validate_correct_landing_page: Validate logo whether landing on correct page
2018-10-03 14:32:20,404 - INFO - validate_correct_landing_page: Completed logo validation landing on correct page
2018-10-03 14:32:20,404 - INFO - validate_correct_landing_page: Completed logo validation landing on correct page
2018-10-03 14:32:20,405 - INFO - test_invalid_city_weather: Enter Invalid value in text field
2018-10-03 14:32:20,433 - DEBUG - tearDown: Started TearDown
2018-10-03 14:32:22,831 - DEBUG - tearDown: Completed TearDown
2018-10-03 14:33:17,522 - DEBUG - setUp: -------Starting test Setup------
2018-10-03 14:33:35,426 - DEBUG - setUp: ------Completed Test setup-------
2018-10-03 14:33:35,427 - DEBUG - test_invalid_city_weather: Started test_invalid_city_weather Test 
2018-10-03 14:33:35,430 - INFO - validate_correct_landing_page: Validate logo whether landing on correct page
2018-10-03 14:33:35,430 - INFO - validate_correct_landing_page: Validate logo whether landing on correct page
2018-10-03 14:33:35,482 - INFO - validate_correct_landing_page: Completed logo validation landing on correct page
2018-10-03 14:33:35,482 - INFO - validate_correct_landing_page: Completed logo validation landing on correct page
2018-10-03 14:33:35,483 - INFO - test_invalid_city_weather: Enter Invalid value in text field
2018-10-03 14:33:35,506 - DEBUG - tearDown: Started TearDown
2018-10-03 14:33:38,046 - DEBUG - tearDown: Completed TearDown
2018-10-03 14:34:11,128 - DEBUG - setUp: -------Starting test Setup------
2018-10-03 14:34:11,658 - DEBUG - setUp: -------Starting test Setup------
2018-10-03 14:35:13,641 - DEBUG - setUp: ------Completed Test setup-------
2018-10-03 14:35:13,642 - DEBUG - test_invalid_city_weather: Started test_invalid_city_weather Test 
2018-10-03 14:35:13,644 - INFO - validate_correct_landing_page: Validate logo whether landing on correct page
2018-10-03 14:35:13,644 - INFO - validate_correct_landing_page: Validate logo whether landing on correct page
2018-10-03 14:35:13,694 - INFO - validate_correct_landing_page: Completed logo validation landing on correct page
2018-10-03 14:35:13,694 - INFO - validate_correct_landing_page: Completed logo validation landing on correct page
2018-10-03 14:35:13,696 - INFO - test_invalid_city_weather: Enter Invalid value in text field
2018-10-03 14:35:14,039 - DEBUG - tearDown: Started TearDown
2018-10-03 14:35:15,447 - DEBUG - setUp: ------Completed Test setup-------
2018-10-03 14:35:15,448 - DEBUG - test_invalid_city_weather: Started test_invalid_city_weather Test 
2018-10-03 14:35:15,450 - INFO - validate_correct_landing_page: Validate logo whether landing on correct page
2018-10-03 14:35:15,450 - INFO - validate_correct_landing_page: Validate logo whether landing on correct page
2018-10-03 14:35:15,494 - INFO - validate_correct_landing_page: Completed logo validation landing on correct page
2018-10-03 14:35:15,494 - INFO - validate_correct_landing_page: Completed logo validation landing on correct page
2018-10-03 14:35:15,496 - INFO - test_invalid_city_weather: Enter Invalid value in text field
2018-10-03 14:35:15,529 - DEBUG - tearDown: Started TearDown
2018-10-03 14:35:17,963 - DEBUG - tearDown: Completed TearDown
2018-10-03 14:35:18,063 - DEBUG - tearDown: Completed TearDown
2018-10-03 14:35:51,831 - DEBUG - setUp: -------Starting test Setup------
2018-10-03 14:36:07,211 - DEBUG - setUp: ------Completed Test setup-------
2018-10-03 14:36:07,213 - DEBUG - test_invalid_city_weather: Started test_invalid_city_weather Test 
2018-10-03 14:36:07,216 - INFO - validate_correct_landing_page: Validate logo whether landing on correct page
2018-10-03 14:36:07,216 - INFO - validate_correct_landing_page: Validate logo whether landing on correct page
2018-10-03 14:36:07,278 - INFO - validate_correct_landing_page: Completed logo validation landing on correct page
2018-10-03 14:36:07,278 - INFO - validate_correct_landing_page: Completed logo validation landing on correct page
2018-10-03 14:36:07,279 - INFO - test_invalid_city_weather: Enter Invalid value in text field
2018-10-03 14:36:07,318 - DEBUG - tearDown: Started TearDown
2018-10-03 14:36:09,545 - DEBUG - tearDown: Completed TearDown
2018-10-03 14:36:50,881 - DEBUG - setUp: -------Starting test Setup------
2018-10-03 14:37:04,170 - DEBUG - setUp: ------Completed Test setup-------
2018-10-03 14:37:04,171 - DEBUG - test_invalid_city_weather: Started test_invalid_city_weather Test 
2018-10-03 14:37:04,173 - INFO - validate_correct_landing_page: Validate logo whether landing on correct page
2018-10-03 14:37:04,173 - INFO - validate_correct_landing_page: Validate logo whether landing on correct page
2018-10-03 14:37:04,230 - INFO - validate_correct_landing_page: Completed logo validation landing on correct page
2018-10-03 14:37:04,230 - INFO - validate_correct_landing_page: Completed logo validation landing on correct page
2018-10-03 14:37:04,230 - INFO - test_invalid_city_weather: Enter Invalid value in text field
2018-10-03 14:37:04,265 - DEBUG - tearDown: Started TearDown
2018-10-03 14:37:06,591 - DEBUG - tearDown: Completed TearDown
2018-10-03 14:37:31,365 - DEBUG - setUp: -------Starting test Setup------
2018-10-03 14:37:42,058 - DEBUG - setUp: ------Completed Test setup-------
2018-10-03 14:37:42,059 - DEBUG - test_invalid_city_weather: Started test_invalid_city_weather Test 
2018-10-03 14:37:42,061 - INFO - validate_correct_landing_page: Validate logo whether landing on correct page
2018-10-03 14:37:42,061 - INFO - validate_correct_landing_page: Validate logo whether landing on correct page
2018-10-03 14:37:42,114 - INFO - validate_correct_landing_page: Completed logo validation landing on correct page
2018-10-03 14:37:42,114 - INFO - validate_correct_landing_page: Completed logo validation landing on correct page
2018-10-03 14:37:42,115 - INFO - test_invalid_city_weather: Enter Invalid value in text field
2018-10-03 14:37:42,117 - DEBUG - tearDown: Started TearDown
2018-10-03 14:37:44,348 - DEBUG - tearDown: Completed TearDown
2018-10-03 14:38:23,575 - DEBUG - setUp: -------Starting test Setup------
2018-10-03 14:38:34,519 - DEBUG - setUp: ------Completed Test setup-------
2018-10-03 14:38:34,520 - DEBUG - test_invalid_city_weather: Started test_invalid_city_weather Test 
2018-10-03 14:38:34,523 - INFO - validate_correct_landing_page: Validate logo whether landing on correct page
2018-10-03 14:38:34,523 - INFO - validate_correct_landing_page: Validate logo whether landing on correct page
2018-10-03 14:38:34,575 - INFO - validate_correct_landing_page: Completed logo validation landing on correct page
2018-10-03 14:38:34,575 - INFO - validate_correct_landing_page: Completed logo validation landing on correct page
2018-10-03 14:38:34,576 - INFO - test_invalid_city_weather: Enter Invalid value in text field
2018-10-03 14:38:34,578 - DEBUG - tearDown: Started TearDown
2018-10-03 14:38:37,122 - DEBUG - tearDown: Completed TearDown
2018-10-03 14:41:13,832 - DEBUG - setUp: -------Starting test Setup------
2018-10-03 14:41:24,706 - DEBUG - setUp: ------Completed Test setup-------
2018-10-03 14:41:24,707 - DEBUG - test_invalid_city_weather: Started test_invalid_city_weather Test 
2018-10-03 14:41:24,709 - INFO - validate_correct_landing_page: Validate logo whether landing on correct page
2018-10-03 14:41:24,709 - INFO - validate_correct_landing_page: Validate logo whether landing on correct page
2018-10-03 14:41:24,757 - INFO - validate_correct_landing_page: Completed logo validation landing on correct page
2018-10-03 14:41:24,757 - INFO - validate_correct_landing_page: Completed logo validation landing on correct page
2018-10-03 14:41:24,759 - INFO - test_invalid_city_weather: Enter Invalid value in text field
2018-10-03 14:41:24,793 - DEBUG - tearDown: Started TearDown
2018-10-03 14:41:27,088 - DEBUG - tearDown: Completed TearDown
2018-10-03 14:42:42,937 - DEBUG - setUp: -------Starting test Setup------
2018-10-03 14:42:53,150 - DEBUG - setUp: ------Completed Test setup-------
2018-10-03 14:42:53,151 - DEBUG - test_invalid_city_weather: Started test_invalid_city_weather Test 
2018-10-03 14:42:53,153 - INFO - validate_correct_landing_page: Validate logo whether landing on correct page
2018-10-03 14:42:53,153 - INFO - validate_correct_landing_page: Validate logo whether landing on correct page
2018-10-03 14:42:53,203 - INFO - validate_correct_landing_page: Completed logo validation landing on correct page
2018-10-03 14:42:53,203 - INFO - validate_correct_landing_page: Completed logo validation landing on correct page
2018-10-03 14:42:53,204 - INFO - test_invalid_city_weather: Enter Invalid value in text field
2018-10-03 14:42:53,727 - INFO - test_invalid_city_weather: Click on Submit button
2018-10-03 14:42:53,753 - DEBUG - tearDown: Started TearDown
2018-10-03 14:42:56,463 - DEBUG - tearDown: Completed TearDown
2018-10-03 14:43:12,594 - DEBUG - setUp: -------Starting test Setup------
2018-10-03 14:43:22,053 - DEBUG - setUp: ------Completed Test setup-------
2018-10-03 14:43:22,055 - DEBUG - test_invalid_city_weather: Started test_invalid_city_weather Test 
2018-10-03 14:43:22,058 - INFO - validate_correct_landing_page: Validate logo whether landing on correct page
2018-10-03 14:43:22,058 - INFO - validate_correct_landing_page: Validate logo whether landing on correct page
2018-10-03 14:43:22,134 - INFO - validate_correct_landing_page: Completed logo validation landing on correct page
2018-10-03 14:43:22,134 - INFO - validate_correct_landing_page: Completed logo validation landing on correct page
2018-10-03 14:43:22,137 - INFO - test_invalid_city_weather: Enter Invalid value in text field
2018-10-03 14:43:22,286 - INFO - test_invalid_city_weather: Click on Submit button
2018-10-03 14:43:22,312 - DEBUG - tearDown: Started TearDown
2018-10-03 14:43:24,572 - DEBUG - tearDown: Completed TearDown
2018-10-03 14:45:04,756 - DEBUG - setUp: -------Starting test Setup------
2018-10-03 14:45:19,778 - DEBUG - setUp: ------Completed Test setup-------
2018-10-03 14:45:19,779 - DEBUG - test_invalid_city_weather: Started test_invalid_city_weather Test 
2018-10-03 14:45:19,780 - INFO - validate_correct_landing_page: Validate logo whether landing on correct page
2018-10-03 14:45:19,780 - INFO - validate_correct_landing_page: Validate logo whether landing on correct page
2018-10-03 14:45:19,831 - INFO - validate_correct_landing_page: Completed logo validation landing on correct page
2018-10-03 14:45:19,831 - INFO - validate_correct_landing_page: Completed logo validation landing on correct page
2018-10-03 14:45:19,832 - INFO - test_invalid_city_weather: Enter Invalid value in text field
2018-10-03 14:45:19,834 - DEBUG - tearDown: Started TearDown
2018-10-03 14:45:24,308 - DEBUG - tearDown: Completed TearDown
2018-10-03 14:46:09,861 - DEBUG - setUp: -------Starting test Setup------
2018-10-03 14:46:21,802 - DEBUG - setUp: ------Completed Test setup-------
2018-10-03 14:46:21,803 - DEBUG - test_invalid_city_weather: Started test_invalid_city_weather Test 
2018-10-03 14:46:21,805 - INFO - validate_correct_landing_page: Validate logo whether landing on correct page
2018-10-03 14:46:21,805 - INFO - validate_correct_landing_page: Validate logo whether landing on correct page
2018-10-03 14:46:21,858 - INFO - validate_correct_landing_page: Completed logo validation landing on correct page
2018-10-03 14:46:21,858 - INFO - validate_correct_landing_page: Completed logo validation landing on correct page
2018-10-03 14:46:21,858 - INFO - test_invalid_city_weather: Enter Invalid value in text field
2018-10-03 14:46:21,892 - DEBUG - tearDown: Started TearDown
2018-10-03 14:46:24,137 - DEBUG - tearDown: Completed TearDown
2018-10-03 14:47:15,167 - DEBUG - setUp: -------Starting test Setup------
2018-10-03 14:47:27,023 - DEBUG - setUp: ------Completed Test setup-------
2018-10-03 14:47:27,023 - DEBUG - test_invalid_city_weather: Started test_invalid_city_weather Test 
2018-10-03 14:47:27,026 - INFO - validate_correct_landing_page: Validate logo whether landing on correct page
2018-10-03 14:47:27,026 - INFO - validate_correct_landing_page: Validate logo whether landing on correct page
2018-10-03 14:47:27,078 - INFO - validate_correct_landing_page: Completed logo validation landing on correct page
2018-10-03 14:47:27,078 - INFO - validate_correct_landing_page: Completed logo validation landing on correct page
2018-10-03 14:47:27,079 - INFO - test_invalid_city_weather: Enter Invalid value in text field
2018-10-03 14:47:27,115 - DEBUG - tearDown: Started TearDown
2018-10-03 14:47:30,607 - DEBUG - tearDown: Completed TearDown
2018-10-03 14:52:15,309 - DEBUG - setUp: -------Starting test Setup------
2018-10-03 14:52:27,947 - DEBUG - setUp: ------Completed Test setup-------
2018-10-03 14:52:27,947 - DEBUG - test_invalid_city_weather: Started test_invalid_city_weather Test 
2018-10-03 14:52:27,950 - INFO - validate_correct_landing_page: Validate logo whether landing on correct page
2018-10-03 14:52:27,950 - INFO - validate_correct_landing_page: Validate logo whether landing on correct page
2018-10-03 14:52:28,010 - INFO - validate_correct_landing_page: Completed logo validation landing on correct page
2018-10-03 14:52:28,010 - INFO - validate_correct_landing_page: Completed logo validation landing on correct page
2018-10-03 14:52:28,013 - INFO - test_invalid_city_weather: Enter Invalid value in text field
2018-10-03 14:52:28,013 - INFO - test_invalid_city_weather: Click on Submit button
2018-10-03 14:52:28,049 - DEBUG - tearDown: Started TearDown
2018-10-03 14:52:30,296 - DEBUG - tearDown: Completed TearDown
2018-10-03 14:52:57,934 - DEBUG - setUp: -------Starting test Setup------
2018-10-03 14:53:09,673 - DEBUG - setUp: ------Completed Test setup-------
2018-10-03 14:53:09,674 - DEBUG - test_invalid_city_weather: Started test_invalid_city_weather Test 
2018-10-03 14:53:09,677 - INFO - validate_correct_landing_page: Validate logo whether landing on correct page
2018-10-03 14:53:09,677 - INFO - validate_correct_landing_page: Validate logo whether landing on correct page
2018-10-03 14:53:09,723 - INFO - validate_correct_landing_page: Completed logo validation landing on correct page
2018-10-03 14:53:09,723 - INFO - validate_correct_landing_page: Completed logo validation landing on correct page
2018-10-03 14:53:09,724 - INFO - test_invalid_city_weather: Enter Invalid value in text field
2018-10-03 14:53:09,757 - DEBUG - tearDown: Started TearDown
2018-10-03 14:53:12,009 - DEBUG - tearDown: Completed TearDown
2018-10-03 14:53:46,740 - DEBUG - setUp: -------Starting test Setup------
2018-10-03 14:54:00,321 - DEBUG - setUp: ------Completed Test setup-------
2018-10-03 14:54:00,322 - DEBUG - test_invalid_city_weather: Started test_invalid_city_weather Test 
2018-10-03 14:54:00,325 - INFO - validate_correct_landing_page: Validate logo whether landing on correct page
2018-10-03 14:54:00,325 - INFO - validate_correct_landing_page: Validate logo whether landing on correct page
2018-10-03 14:54:00,384 - INFO - validate_correct_landing_page: Completed logo validation landing on correct page
2018-10-03 14:54:00,384 - INFO - validate_correct_landing_page: Completed logo validation landing on correct page
2018-10-03 14:54:00,385 - INFO - test_invalid_city_weather: Enter Invalid value in text field
2018-10-03 14:54:00,503 - DEBUG - tearDown: Started TearDown
2018-10-03 14:54:02,730 - DEBUG - tearDown: Completed TearDown
2018-10-03 15:05:12,101 - DEBUG - setUp: -------Starting test Setup------
2018-10-03 15:05:25,180 - DEBUG - setUp: ------Completed Test setup-------
2018-10-03 15:05:25,181 - DEBUG - test_invalid_city_weather: Started test_invalid_city_weather Test 
2018-10-03 15:05:25,184 - INFO - validate_correct_landing_page: Validate logo whether landing on correct page
2018-10-03 15:05:25,184 - INFO - validate_correct_landing_page: Validate logo whether landing on correct page
2018-10-03 15:05:25,240 - INFO - validate_correct_landing_page: Completed logo validation landing on correct page
2018-10-03 15:05:25,240 - INFO - validate_correct_landing_page: Completed logo validation landing on correct page
2018-10-03 15:05:25,243 - INFO - test_invalid_city_weather: Enter Invalid value in text field
2018-10-03 15:05:25,394 - DEBUG - tearDown: Started TearDown
2018-10-03 15:05:28,638 - DEBUG - tearDown: Completed TearDown
2018-10-03 15:06:32,290 - DEBUG - setUp: -------Starting test Setup------
2018-10-03 15:06:42,966 - DEBUG - setUp: ------Completed Test setup-------
2018-10-03 15:06:42,967 - DEBUG - test_invalid_city_weather: Started test_invalid_city_weather Test 
2018-10-03 15:06:42,969 - INFO - validate_correct_landing_page: Validate logo whether landing on correct page
2018-10-03 15:06:42,969 - INFO - validate_correct_landing_page: Validate logo whether landing on correct page
2018-10-03 15:06:43,046 - INFO - validate_correct_landing_page: Completed logo validation landing on correct page
2018-10-03 15:06:43,046 - INFO - validate_correct_landing_page: Completed logo validation landing on correct page
2018-10-03 15:06:43,048 - INFO - test_invalid_city_weather: Enter Invalid value in text field
2018-10-03 15:06:43,084 - DEBUG - tearDown: Started TearDown
2018-10-03 15:06:45,338 - DEBUG - tearDown: Completed TearDown
2018-10-03 15:07:04,785 - DEBUG - setUp: -------Starting test Setup------
2018-10-03 15:07:19,628 - DEBUG - setUp: ------Completed Test setup-------
2018-10-03 15:07:19,631 - DEBUG - test_invalid_city_weather: Started test_invalid_city_weather Test 
2018-10-03 15:07:19,632 - INFO - validate_correct_landing_page: Validate logo whether landing on correct page
2018-10-03 15:07:19,632 - INFO - validate_correct_landing_page: Validate logo whether landing on correct page
2018-10-03 15:07:19,688 - INFO - validate_correct_landing_page: Completed logo validation landing on correct page
2018-10-03 15:07:19,688 - INFO - validate_correct_landing_page: Completed logo validation landing on correct page
2018-10-03 15:07:19,690 - INFO - test_invalid_city_weather: Enter Invalid value in text field
2018-10-03 15:07:19,729 - DEBUG - tearDown: Started TearDown
2018-10-03 15:07:21,953 - DEBUG - tearDown: Completed TearDown
2018-10-03 15:08:33,301 - DEBUG - setUp: -------Starting test Setup------
2018-10-03 15:08:43,891 - DEBUG - setUp: ------Completed Test setup-------
2018-10-03 15:08:43,892 - DEBUG - test_invalid_city_weather: Started test_invalid_city_weather Test 
2018-10-03 15:08:43,895 - DEBUG - tearDown: Started TearDown
2018-10-03 15:08:46,135 - DEBUG - tearDown: Completed TearDown
2018-10-03 15:09:10,148 - DEBUG - setUp: -------Starting test Setup------
2018-10-03 15:09:20,556 - DEBUG - setUp: ------Completed Test setup-------
2018-10-03 15:09:20,559 - DEBUG - test_invalid_city_weather: Started test_invalid_city_weather Test 
2018-10-03 15:09:20,627 - INFO - test_invalid_city_weather: Enter Invalid value in text field
2018-10-03 15:09:20,690 - DEBUG - tearDown: Started TearDown
2018-10-03 15:09:22,941 - DEBUG - tearDown: Completed TearDown
2018-10-03 15:10:08,250 - DEBUG - setUp: -------Starting test Setup------
2018-10-03 15:10:18,042 - DEBUG - setUp: ------Completed Test setup-------
2018-10-03 15:10:18,043 - DEBUG - test_invalid_city_weather: Started test_invalid_city_weather Test 
2018-10-03 15:10:18,048 - INFO - validate_correct_landing_page: Validate logo whether landing on correct page
2018-10-03 15:10:18,048 - INFO - validate_correct_landing_page: Validate logo whether landing on correct page
2018-10-03 15:10:18,207 - INFO - validate_correct_landing_page: Completed logo validation landing on correct page
2018-10-03 15:10:18,207 - INFO - validate_correct_landing_page: Completed logo validation landing on correct page
2018-10-03 15:10:18,209 - INFO - test_invalid_city_weather: Enter Invalid value in text field
2018-10-03 15:10:18,430 - DEBUG - tearDown: Started TearDown
2018-10-03 15:10:20,983 - DEBUG - tearDown: Completed TearDown
2018-10-03 15:11:31,263 - DEBUG - setUp: -------Starting test Setup------
2018-10-03 15:11:41,716 - DEBUG - setUp: ------Completed Test setup-------
2018-10-03 15:11:41,717 - DEBUG - test_invalid_city_weather: Started test_invalid_city_weather Test 
2018-10-03 15:11:41,719 - INFO - validate_correct_landing_page: Validate logo whether landing on correct page
2018-10-03 15:11:41,719 - INFO - validate_correct_landing_page: Validate logo whether landing on correct page
2018-10-03 15:11:41,769 - INFO - validate_correct_landing_page: Completed logo validation landing on correct page
2018-10-03 15:11:41,769 - INFO - validate_correct_landing_page: Completed logo validation landing on correct page
2018-10-03 15:11:41,772 - INFO - test_invalid_city_weather: Enter Invalid value in text field
2018-10-03 15:11:41,920 - INFO - test_invalid_city_weather: Click on Submit button
2018-10-03 15:11:41,944 - DEBUG - tearDown: Started TearDown
2018-10-03 15:11:44,194 - DEBUG - tearDown: Completed TearDown
2018-10-03 15:11:56,779 - DEBUG - setUp: -------Starting test Setup------
2018-10-03 15:12:07,444 - DEBUG - setUp: ------Completed Test setup-------
2018-10-03 15:12:07,447 - DEBUG - test_invalid_city_weather: Started test_invalid_city_weather Test 
2018-10-03 15:12:07,450 - INFO - validate_correct_landing_page: Validate logo whether landing on correct page
2018-10-03 15:12:07,450 - INFO - validate_correct_landing_page: Validate logo whether landing on correct page
2018-10-03 15:12:07,509 - INFO - validate_correct_landing_page: Completed logo validation landing on correct page
2018-10-03 15:12:07,509 - INFO - validate_correct_landing_page: Completed logo validation landing on correct page
2018-10-03 15:12:07,510 - INFO - test_invalid_city_weather: Enter Invalid value in text field
2018-10-03 15:12:07,657 - INFO - test_invalid_city_weather: Click on Submit button
2018-10-03 15:12:17,693 - DEBUG - tearDown: Started TearDown
2018-10-03 15:12:19,934 - DEBUG - tearDown: Completed TearDown
2018-10-03 15:16:50,703 - DEBUG - setUp: -------Starting test Setup------
2018-10-03 15:17:02,112 - DEBUG - setUp: ------Completed Test setup-------
2018-10-03 15:17:02,115 - DEBUG - test_invalid_city_weather: Started test_invalid_city_weather Test 
2018-10-03 15:17:02,117 - INFO - validate_correct_landing_page: Validate logo whether landing on correct page
2018-10-03 15:17:02,117 - INFO - validate_correct_landing_page: Validate logo whether landing on correct page
2018-10-03 15:17:02,176 - INFO - validate_correct_landing_page: Completed logo validation landing on correct page
2018-10-03 15:17:02,176 - INFO - validate_correct_landing_page: Completed logo validation landing on correct page
2018-10-03 15:17:02,177 - INFO - test_invalid_city_weather: Enter Invalid value in text field
2018-10-03 15:17:02,335 - INFO - test_invalid_city_weather: Click on Submit button
2018-10-03 15:17:08,369 - INFO - test_invalid_city_weather: Check No found message appears and click on Close icon
2018-10-03 15:17:08,453 - DEBUG - tearDown: Started TearDown
2018-10-03 15:17:10,704 - DEBUG - tearDown: Completed TearDown
2018-10-03 15:18:23,392 - DEBUG - setUp: -------Starting test Setup------
2018-10-03 15:18:33,819 - DEBUG - setUp: ------Completed Test setup-------
2018-10-03 15:18:33,822 - DEBUG - test_invalid_city_weather: Started test_invalid_city_weather Test 
2018-10-03 15:18:33,823 - INFO - validate_correct_landing_page: Validate logo whether landing on correct page
2018-10-03 15:18:33,823 - INFO - validate_correct_landing_page: Validate logo whether landing on correct page
2018-10-03 15:18:33,875 - INFO - validate_correct_landing_page: Completed logo validation landing on correct page
2018-10-03 15:18:33,875 - INFO - validate_correct_landing_page: Completed logo validation landing on correct page
2018-10-03 15:18:33,878 - INFO - test_invalid_city_weather: Enter Invalid value in text field
2018-10-03 15:18:34,009 - INFO - test_invalid_city_weather: Click on Submit button
2018-10-03 15:18:39,772 - INFO - test_invalid_city_weather: Check No found message appears and click on Close icon
2018-10-03 15:18:39,835 - DEBUG - tearDown: Started TearDown
2018-10-03 15:18:42,107 - DEBUG - tearDown: Completed TearDown
2018-10-03 16:23:33,953 - DEBUG - setUp: -------Starting test Setup------
2018-10-03 16:23:50,107 - DEBUG - setUp: ------Completed Test setup-------
2018-10-03 16:23:50,108 - DEBUG - test_invalid_city_weather: Started test_invalid_city_weather Test 
2018-10-03 16:23:50,111 - INFO - validate_correct_landing_page: Validate logo whether landing on correct page
2018-10-03 16:23:50,111 - INFO - validate_correct_landing_page: Validate logo whether landing on correct page
2018-10-03 16:23:50,164 - INFO - validate_correct_landing_page: Completed logo validation landing on correct page
2018-10-03 16:23:50,164 - INFO - validate_correct_landing_page: Completed logo validation landing on correct page
2018-10-03 16:23:50,167 - INFO - test_invalid_city_weather: Enter Invalid value in text field
2018-10-03 16:23:50,296 - INFO - test_invalid_city_weather: Click on Submit button
2018-10-03 16:23:59,210 - INFO - test_invalid_city_weather: Check No found message appears and click on Close icon
2018-10-03 16:23:59,273 - DEBUG - tearDown: Started TearDown
2018-10-03 16:24:01,497 - DEBUG - tearDown: Completed TearDown
2018-10-03 16:25:18,079 - DEBUG - setUp: -------Starting test Setup------
2018-10-03 16:25:28,743 - DEBUG - setUp: ------Completed Test setup-------
2018-10-03 16:25:28,744 - DEBUG - test_invalid_city_weather: Started test_invalid_city_weather Test 
2018-10-03 16:25:28,746 - INFO - validate_correct_landing_page: Validate logo whether landing on correct page
2018-10-03 16:25:28,746 - INFO - validate_correct_landing_page: Validate logo whether landing on correct page
2018-10-03 16:25:28,809 - INFO - validate_correct_landing_page: Completed logo validation landing on correct page
2018-10-03 16:25:28,809 - INFO - validate_correct_landing_page: Completed logo validation landing on correct page
2018-10-03 16:25:28,811 - INFO - test_invalid_city_weather: Enter Invalid value in text field
2018-10-03 16:25:28,934 - INFO - test_invalid_city_weather: Click on Submit button
2018-10-03 16:25:34,338 - INFO - test_invalid_city_weather: Check No found message appears and click on Close icon
2018-10-03 16:25:34,414 - DEBUG - test_invalid_city_weather: Completed test_invalid_city_weather test
2018-10-03 16:25:34,417 - DEBUG - tearDown: Started TearDown
2018-10-03 16:25:36,677 - DEBUG - tearDown: Completed TearDown
2018-10-03 16:26:18,895 - DEBUG - setUp: -------Starting test Setup------
2018-10-03 16:26:29,239 - DEBUG - setUp: ------Completed Test setup-------
2018-10-03 16:26:29,240 - DEBUG - test_invalid_city_weather: Started test_invalid_city_weather Test 
2018-10-03 16:26:29,243 - INFO - validate_correct_landing_page: Validate logo whether landing on correct page
2018-10-03 16:26:29,243 - INFO - validate_correct_landing_page: Validate logo whether landing on correct page
2018-10-03 16:26:29,301 - INFO - validate_correct_landing_page: Completed logo validation landing on correct page
2018-10-03 16:26:29,301 - INFO - validate_correct_landing_page: Completed logo validation landing on correct page
2018-10-03 16:26:29,302 - INFO - test_invalid_city_weather: Enter Invalid value in text field
2018-10-03 16:26:29,494 - INFO - test_invalid_city_weather: Click on Submit button
2018-10-03 16:26:34,753 - INFO - test_invalid_city_weather: Check No found message appears and click on Close icon
2018-10-03 16:26:34,970 - DEBUG - tearDown: Started TearDown
2018-10-03 16:26:37,239 - DEBUG - tearDown: Completed TearDown
2018-10-03 16:27:13,986 - DEBUG - setUp: -------Starting test Setup------
2018-10-03 16:27:28,344 - DEBUG - setUp: ------Completed Test setup-------
2018-10-03 16:27:28,345 - DEBUG - test_invalid_city_weather: Started test_invalid_city_weather Test 
2018-10-03 16:27:28,346 - INFO - validate_correct_landing_page: Validate logo whether landing on correct page
2018-10-03 16:27:28,346 - INFO - validate_correct_landing_page: Validate logo whether landing on correct page
2018-10-03 16:27:28,397 - INFO - validate_correct_landing_page: Completed logo validation landing on correct page
2018-10-03 16:27:28,397 - INFO - validate_correct_landing_page: Completed logo validation landing on correct page
2018-10-03 16:27:28,398 - INFO - test_invalid_city_weather: Enter Invalid value in text field
2018-10-03 16:27:28,559 - INFO - test_invalid_city_weather: Click on Submit button
2018-10-03 16:27:35,311 - INFO - test_invalid_city_weather: Check No found message appears and click on Close icon
2018-10-03 16:27:35,502 - DEBUG - test_invalid_city_weather: Completed test_invalid_city_weather test
2018-10-03 16:27:35,505 - DEBUG - tearDown: Started TearDown
2018-10-03 16:27:37,766 - DEBUG - tearDown: Completed TearDown
2018-10-03 16:31:59,871 - DEBUG - setUp: -------Starting test Setup------
2018-10-03 16:32:11,581 - DEBUG - setUp: ------Completed Test setup-------
2018-10-03 16:32:11,582 - DEBUG - test_valid_city_verify_weather_details: Started test_invalid_city_weather Test 
2018-10-03 16:32:11,584 - INFO - validate_correct_landing_page: Validate logo whether landing on correct page
2018-10-03 16:32:11,584 - INFO - validate_correct_landing_page: Validate logo whether landing on correct page
2018-10-03 16:32:11,631 - INFO - validate_correct_landing_page: Completed logo validation landing on correct page
2018-10-03 16:32:11,631 - INFO - validate_correct_landing_page: Completed logo validation landing on correct page
2018-10-03 16:32:11,634 - INFO - test_valid_city_verify_weather_details: Enter valid value in text field
2018-10-03 16:32:11,772 - INFO - test_valid_city_verify_weather_details: Click on Submit button
2018-10-03 16:32:18,582 - INFO - test_valid_city_verify_weather_details: Check correct city temperature is displaying
2018-10-03 16:32:18,585 - DEBUG - tearDown: Started TearDown
2018-10-03 16:32:20,842 - DEBUG - tearDown: Completed TearDown
2018-10-03 16:32:34,125 - DEBUG - setUp: -------Starting test Setup------
2018-10-03 16:32:43,720 - DEBUG - setUp: ------Completed Test setup-------
2018-10-03 16:32:43,723 - DEBUG - test_valid_city_verify_weather_details: Started test_invalid_city_weather Test 
2018-10-03 16:32:43,729 - INFO - validate_correct_landing_page: Validate logo whether landing on correct page
2018-10-03 16:32:43,729 - INFO - validate_correct_landing_page: Validate logo whether landing on correct page
2018-10-03 16:32:43,786 - INFO - validate_correct_landing_page: Completed logo validation landing on correct page
2018-10-03 16:32:43,786 - INFO - validate_correct_landing_page: Completed logo validation landing on correct page
2018-10-03 16:32:43,786 - INFO - test_valid_city_verify_weather_details: Enter valid value in text field
2018-10-03 16:32:43,926 - INFO - test_valid_city_verify_weather_details: Click on Submit button
2018-10-03 16:32:50,282 - INFO - test_valid_city_verify_weather_details: Check correct city temperature is displaying
2018-10-03 16:32:50,286 - DEBUG - tearDown: Started TearDown
2018-10-03 16:32:53,611 - DEBUG - tearDown: Completed TearDown
2018-10-03 16:33:00,648 - DEBUG - setUp: -------Starting test Setup------
2018-10-03 16:33:12,732 - DEBUG - setUp: ------Completed Test setup-------
2018-10-03 16:33:12,733 - DEBUG - test_valid_city_verify_weather_details: Started test_invalid_city_weather Test 
2018-10-03 16:33:12,734 - INFO - validate_correct_landing_page: Validate logo whether landing on correct page
2018-10-03 16:33:12,734 - INFO - validate_correct_landing_page: Validate logo whether landing on correct page
2018-10-03 16:33:12,792 - INFO - validate_correct_landing_page: Completed logo validation landing on correct page
2018-10-03 16:33:12,792 - INFO - validate_correct_landing_page: Completed logo validation landing on correct page
2018-10-03 16:33:12,795 - INFO - test_valid_city_verify_weather_details: Enter valid value in text field
2018-10-03 16:33:12,941 - INFO - test_valid_city_verify_weather_details: Click on Submit button
2018-10-03 16:33:23,592 - INFO - test_valid_city_verify_weather_details: Check correct city temperature is displaying
2018-10-03 16:33:23,595 - DEBUG - tearDown: Started TearDown
2018-10-03 16:33:25,874 - DEBUG - tearDown: Completed TearDown
2018-10-03 16:34:06,434 - DEBUG - setUp: -------Starting test Setup------
2018-10-03 16:34:16,930 - DEBUG - setUp: ------Completed Test setup-------
2018-10-03 16:34:16,933 - DEBUG - test_valid_city_verify_weather_details: Started test_invalid_city_weather Test 
2018-10-03 16:34:16,934 - INFO - validate_correct_landing_page: Validate logo whether landing on correct page
2018-10-03 16:34:16,934 - INFO - validate_correct_landing_page: Validate logo whether landing on correct page
2018-10-03 16:34:16,982 - INFO - validate_correct_landing_page: Completed logo validation landing on correct page
2018-10-03 16:34:16,982 - INFO - validate_correct_landing_page: Completed logo validation landing on correct page
2018-10-03 16:34:16,983 - INFO - test_valid_city_verify_weather_details: Enter valid value in text field
2018-10-03 16:34:17,135 - INFO - test_valid_city_verify_weather_details: Click on Submit button
2018-10-03 16:34:23,446 - INFO - test_valid_city_verify_weather_details: Check correct city temperature is displaying
2018-10-03 16:34:23,506 - DEBUG - validate_correct_city_temperature_displaying: Mumbai, IN
2018-10-03 16:34:23,506 - DEBUG - validate_correct_city_temperature_displaying: Mumbai, IN
2018-10-03 16:34:23,506 - DEBUG - validate_correct_city_temperature_displaying: Mumbai, IN
2018-10-03 16:34:23,520 - DEBUG - tearDown: Started TearDown
2018-10-03 16:34:25,744 - DEBUG - tearDown: Completed TearDown
2018-10-03 20:14:28,210 - DEBUG - setUp: -------Starting test Setup------
2018-10-03 20:14:51,747 - DEBUG - setUp: ------Completed Test setup-------
2018-10-03 20:14:52,108 - DEBUG - tearDown: Started TearDown
2018-10-03 20:14:54,592 - DEBUG - tearDown: Completed TearDown
2018-10-03 20:20:36,283 - DEBUG - setUp: -------Starting test Setup------
2018-10-03 20:20:52,530 - DEBUG - setUp: ------Completed Test setup-------
2018-10-03 20:21:22,617 - DEBUG - tearDown: Started TearDown
2018-10-03 20:21:24,904 - DEBUG - tearDown: Completed TearDown
2018-10-03 20:23:40,851 - DEBUG - setUp: -------Starting test Setup------
2018-10-03 20:24:52,796 - DEBUG - setUp: ------Completed Test setup-------
2018-10-03 20:24:52,861 - DEBUG - tearDown: Started TearDown
2018-10-03 20:24:55,286 - DEBUG - tearDown: Completed TearDown
2018-10-03 20:40:29,612 - DEBUG - setUp: -------Starting test Setup------
2018-10-03 20:41:12,470 - DEBUG - setUp: ------Completed Test setup-------
2018-10-03 20:41:42,522 - DEBUG - tearDown: Started TearDown
2018-10-03 20:41:44,805 - DEBUG - tearDown: Completed TearDown
2018-10-03 20:41:57,496 - DEBUG - setUp: -------Starting test Setup------
2018-10-03 20:42:34,252 - DEBUG - setUp: ------Completed Test setup-------
2018-10-03 20:43:39,187 - DEBUG - tearDown: Started TearDown
2018-10-03 20:43:41,561 - DEBUG - tearDown: Completed TearDown
2018-10-03 20:44:36,328 - DEBUG - setUp: -------Starting test Setup------
2018-10-03 20:44:54,681 - DEBUG - setUp: ------Completed Test setup-------
2018-10-03 20:45:24,734 - DEBUG - tearDown: Started TearDown
2018-10-03 20:45:27,007 - DEBUG - tearDown: Completed TearDown
2018-10-03 20:51:43,378 - DEBUG - setUp: -------Starting test Setup------
2018-10-03 20:52:13,267 - DEBUG - setUp: ------Completed Test setup-------
2018-10-03 20:52:43,332 - DEBUG - tearDown: Started TearDown
2018-10-03 20:52:46,095 - DEBUG - tearDown: Completed TearDown
